[dotenv@17.2.3] injecting env (10) from .env.local -- tip: ≡ƒöä add secrets lifecycle management: https://dotenvx.com/ops
API Key Present: true Length: 39
Testing AI Transaction Categorization...

params: "Uber Trip" (-150)
Result: {
  category: 'Uncategorized Expenses',
  confidence: 0,
  reasoning: 'AI categorization failed'
}
node : Error 
categorizing 
transaction: GoogleGen
erativeAIFetchError: 
[GoogleGenerativeAI 
Error]: Error 
fetching from https://
generativelanguage.goo
gleapis.com/v1beta/mod
els/gemini-1.5-flash:g
enerateContent: [404 
Not Found] models/gemi
ni-1.5-flash is not 
found for API version 
v1beta, or is not 
supported for 
generateContent. Call 
ListModels to see the 
list of available 
models and their 
supported methods.
At line:1 char:1
+ node test_ai_categor
ization.js > 
test_output.txt 2>&1
+ ~~~~~~~~~~~~~~~~~~~~
~~~~~~~~~~~~~~~~~~~~~~
~~~~~~~~~~~
    + CategoryInfo    
          : 
NotSpecified: (Err    
or categoriz...ported 
    methods.:String) 
[], R    
emoteException
    + 
FullyQualifiedErrorI  
  d : 
NativeCommandError
 
    at 
handleResponseNotOk (C
:\Users\Tessl\Document
s\TwineCapital\web\nod
e_modules\@google\gene
rative-ai\dist\index.j
s:434:11)
    at process.process
TicksAndRejections (no
de:internal/process/ta
sk_queues:103:5)
    at async 
makeRequest (C:\Users\
Tessl\Documents\TwineC
apital\web\node_module
s\@google\generative-a
i\dist\index.js:403:9)
    at async 
generateContent (C:\Us
ers\Tessl\Documents\Tw
ineCapital\web\node_mo
dules\@google\generati
ve-ai\dist\index.js:86
7:22)
    at async 
categorizeTransaction 
(C:\Users\Tessl\Docume
nts\TwineCapital\web\t
est_ai_categorization.
js:52:24)
    at async test (C:\
Users\Tessl\Documents\
TwineCapital\web\test_
ai_categorization.js:8
0:24) {
  status: 404,
  statusText: 'Not 
Found',
  errorDetails: 
undefined
}

params: "Adobe Creative Cloud" (-600)
Error categorizing 
transaction: GoogleGen
erativeAIFetchError: 
[GoogleGenerativeAI 
Error]: Error 
fetching from https://
generativelanguage.goo
gleapis.com/v1beta/mod
els/gemini-1.5-flash:g
enerateContent: [404 
Not Found] models/gemi
ni-1.5-flash is not 
found for API version 
v1beta, or is not 
supported for 
generateContent. Call 
ListModels to see the 
list of available 
models and their 
supported methods.
    at 
handleResponseNotOk (C
:\Users\Tessl\Document
s\TwineCapital\web\nod
e_modules\@google\gene
rative-ai\dist\index.j
s:434:11)
    at process.process
TicksAndRejections (no
de:internal/process/ta
sk_queues:103:5)
    at async 
makeRequest (C:\Users\
Tessl\Documents\TwineC
apital\web\node_module
s\@google\generative-a
i\dist\index.js:403:9)
Result: {
  category: 'Uncategorized Expenses',
  confidence: 0,
  reasoning: 'AI categorization failed'
}
    at async 
generateContent (C:\Us
ers\Tessl\Documents\Tw
ineCapital\web\node_mo
dules\@google\generati
ve-ai\dist\index.js:86
7:22)
    at async 
categorizeTransaction 
(C:\Users\Tessl\Docume
nts\TwineCapital\web\t
est_ai_categorization.
js:52:24)
    at async test (C:\
Users\Tessl\Documents\
TwineCapital\web\test_
ai_categorization.js:8
0:24) {
  status: 404,
  statusText: 'Not 
Found',
  errorDetails: 
undefined
}

params: "Checkers Hyper" (-2340.5)
Error categorizing 
transaction: GoogleGen
erativeAIFetchError: 
[GoogleGenerativeAI 
Error]: Error 
fetching from https://
generativelanguage.goo
gleapis.com/v1beta/mod
els/gemini-1.5-flash:g
enerateContent: [404 
Not Found] models/gemi
ni-1.5-flash is not 
found for API version 
v1beta, or is not 
supported for 
generateContent. Call 
ListModels to see the 
list of available 
models and their 
supported methods.
    at 
handleResponseNotOk (C
:\Users\Tessl\Document
s\TwineCapital\web\nod
e_modules\@google\gene
rative-ai\dist\index.j
s:434:11)
    at process.process
TicksAndRejections (no
de:internal/process/ta
sk_queues:103:5)
    at async 
makeRequest (C:\Users\
Tessl\Documents\TwineC
apital\web\node_module
s\@google\generative-a
i\dist\index.js:403:9)
    at async 
generateContent (C:\Us
ers\Tessl\Documents\Tw
ineCapital\web\node_mo
dules\@google\generati
ve-ai\dist\index.js:86
7:22)
    at async 
categorizeTransaction 
(C:\Users\Tessl\Docume
nts\TwineCapital\web\t
est_ai_categorization.
js:52:24)
    at async test (C:\
Users\Tessl\Documents\
TwineCapital\web\test_
ai_categorization.js:8
0:24) {
  status: 404,
  statusText: 'Not 
Found',
  errorDetails: 
undefined
}
Result: {
  category: 'Uncategorized Expenses',
  confidence: 0,
  reasoning: 'AI categorization failed'
}

params: "Mugg & Bean" (-85)
Error categorizing 
transaction: GoogleGen
erativeAIFetchError: 
[GoogleGenerativeAI 
Error]: Error 
fetching from https://
generativelanguage.goo
gleapis.com/v1beta/mod
els/gemini-1.5-flash:g
enerateContent: [404 
Not Found] models/gemi
ni-1.5-flash is not 
found for API version 
v1beta, or is not 
supported for 
generateContent. Call 
ListModels to see the 
list of available 
models and their 
supported methods.
    at 
handleResponseNotOk (C
:\Users\Tessl\Document
s\TwineCapital\web\nod
e_modules\@google\gene
rative-ai\dist\index.j
s:434:11)
    at process.process
TicksAndRejections (no
de:internal/process/ta
sk_queues:103:5)
    at async 
makeRequest (C:\Users\
Tessl\Documents\TwineC
apital\web\node_module
s\@google\generative-a
i\dist\index.js:403:9)
    at async 
generateContent (C:\Us
ers\Tessl\Documents\Tw
ineCapital\web\node_mo
dules\@google\generati
ve-ai\dist\index.js:86
7:22)
    at async 
categorizeTransaction 
(C:\Users\Tessl\Docume
nts\TwineCapital\web\t
est_ai_categorization.
js:52:24)
    at async test (C:\
Users\Tessl\Documents\
TwineCapital\web\test_
ai_categorization.js:8
0:24) {
  status: 404,
  statusText: 'Not 
Found',
  errorDetails: 
undefined
}
Result: {
  category: 'Uncategorized Expenses',
  confidence: 0,
  reasoning: 'AI categorization failed'
}

params: "Vodacom Data" (-450)
Error categorizing 
transaction: GoogleGen
erativeAIFetchError: 
[GoogleGenerativeAI 
Error]: Error 
fetching from https://
generativelanguage.goo
gleapis.com/v1beta/mod
els/gemini-1.5-flash:g
enerateContent: [404 
Not Found] models/gemi
ni-1.5-flash is not 
found for API version 
v1beta, or is not 
supported for 
generateContent. Call 
ListModels to see the 
list of available 
models and their 
supported methods.
    at 
handleResponseNotOk (C
:\Users\Tessl\Document
s\TwineCapital\web\nod
e_modules\@google\gene
rative-ai\dist\index.j
s:434:11)
    at process.process
TicksAndRejections (no
de:internal/process/ta
sk_queues:103:5)
    at async 
makeRequest (C:\Users\
Tessl\Documents\TwineC
apital\web\node_module
s\@google\generative-a
i\dist\index.js:403:9)
    at async 
generateContent (C:\Us
ers\Tessl\Documents\Tw
ineCapital\web\node_mo
dules\@google\generati
ve-ai\dist\index.js:86
7:22)
    at async 
categorizeTransaction 
(C:\Users\Tessl\Docume
nts\TwineCapital\web\t
est_ai_categorization.
js:52:24)
    at async test (C:\
Users\Tessl\Documents\
TwineCapital\web\test_
ai_categorization.js:8
0:24) {
  status: 404,
  statusText: 'Not 
Found',
  errorDetails: 
undefined
}
Result: {
  category: 'Uncategorized Expenses',
  confidence: 0,
  reasoning: 'AI categorization failed'
}
